................                                                         [100%]
16 passed in 6.12s
